styles: {
 "body": {
  "backgroundColor": "rgb(11, 13, 18)",
  "color": "rgb(232, 230, 223)",
  "borderRadius": "0px",
  "borderColor": "rgb(232, 230, 223)",
  "fontFamily": "system-ui, -apple-system, \"Segoe UI\", Roboto, sans-serif",
  "fontSize": "16px",
  "fontWeight": "400"
 },
 "section": {
  "backgroundColor": "rgb(11, 13, 18)",
  "color": "rgb(232, 230, 223)",
  "borderRadius": "0px",
  "borderColor": "rgb(232, 230, 223)",
  "fontFamily": "system-ui, -apple-system, \"Segoe UI\", Roboto, sans-serif",
  "fontSize": "16px",
  "fontWeight": "400"
 },
 "panelCard": {
  "backgroundColor": "rgba(0, 0, 0, 0)",
  "color": "rgb(232, 230, 223)",
  "borderRadius": "0px",
  "borderColor": "rgb(232, 230, 223)",
  "fontFamily": "system-ui, -apple-system, \"Segoe UI\", Roboto, sans-serif",
  "fontSize": "16px",
  "fontWeight": "400"
 },
 "h1": {
  "backgroundColor": "rgba(0, 0, 0, 0)",
  "color": "rgb(232, 230, 223)",
  "borderRadius": "0px",
  "borderColor": "rgb(232, 230, 223)",
  "fontFamily": "system-ui, -apple-system, \"Segoe UI\", Roboto, sans-serif",
  "fontSize": "64px",
  "fontWeight": "750"
 },
 "h2": {
  "backgroundColor": "rgba(0, 0, 0, 0)",
  "color": "rgb(232, 230, 223)",
  "borderRadius": "0px",
  "borderColor": "rgb(232, 230, 223)",
  "fontFamily": "system-ui, -apple-system, \"Segoe UI\", Roboto, sans-serif",
  "fontSize": "27.2px",
  "fontWeight": "700"
 },
 "h3": {
  "backgroundColor": "rgba(0, 0, 0, 0)",
  "color": "rgb(232, 230, 223)",
  "borderRadius": "0px",
  "borderColor": "rgb(232, 230, 223)",
  "fontFamily": "system-ui, -apple-system, \"Segoe UI\", Roboto, sans-serif",
  "fontSize": "16.8px",
  "fontWeight": "700"
 },
 "p": {
  "backgroundColor": "rgba(0, 0, 0, 0)",
  "color": "rgb(154, 160, 174)",
  "borderRadius": "0px",
  "borderColor": "rgb(154, 160, 174)",
  "fontFamily": "system-ui, -apple-system, \"Segoe UI\", Roboto, sans-serif",
  "fontSize": "13px",
  "fontWeight": "600"
 },
 "btn": {
  "backgroundColor": "rgba(0, 0, 0, 0)",
  "color": "rgb(255, 179, 71)",
  "borderRadius": "10px",
  "borderColor": "rgb(255, 179, 71)",
  "fontFamily": "system-ui, -apple-system, \"Segoe UI\", Roboto, sans-serif",
  "fontSize": "15.2px",
  "fontWeight": "400"
 },
 "btnAccent": {
  "backgroundColor": "rgb(20, 24, 36)",
  "color": "rgb(255, 179, 71)",
  "borderRadius": "10px",
  "borderColor": "rgb(255, 179, 71)",
  "fontFamily": "Arial",
  "fontSize": "14px",
  "fontWeight": "600"
 },
 "table": {
  "backgroundColor": "rgba(0, 0, 0, 0)",
  "color": "rgb(232, 230, 223)",
  "borderRadius": "0px",
  "borderColor": "rgb(232, 230, 223)",
  "fontFamily": "syste
type scale:
p.s1-eyebrow: 13px / 600 / rgb(154, 160, 174)
h1: 64px / 750 / rgb(232, 230, 223)
p.s1-sub: 19px / 400 / rgb(154, 160, 174)
h2: 27.2px / 700 / rgb(232, 230, 223)
p.s2-lede: 16px / 400 / rgb(154, 160, 174)
p: 16px / 400 / rgb(232, 230, 223)
h3: 16.8px / 700 / rgb(232, 230, 223)
figcaption.s2-legend: 13.6px / 400 / rgb(154, 160, 174)
p.s2-src: 12.8px / 400 / rgb(154, 160, 174)
h2: 28px / 700 / rgb(232, 230, 223)
p.lab-intro: 16px / 400 / rgb(154, 160, 174)
p.dz-text: 17.6px / 400 / rgb(232, 230, 223)
p.dz-or: 14.4px / 400 / rgb(154, 160, 174)
h3: 16.8px / 700 / rgb(255, 179, 71)
p.empty-state: 14.4px / 400 / rgb(154, 160, 174)
p.score-main: 16px / 400 / rgb(232, 230, 223)
p.headIntro: 16px / 400 / rgb(154, 160, 174)
figcaption: 16px / 400 / rgb(232, 230, 223)
span.headName: 16px / 600 / rgb(255, 179, 71)
p.headNote: 14.4px / 400 / rgb(154, 160, 174)
p.headProcedural: 14.4px / 400 / rgb(154, 160, 174)
h2: 24px / 700 / rgb(232, 230, 223)
p.editor-hint: 14.4px / 400 / rgb(154, 160, 174)
p: 15.2px / 400 / rgb(154, 160, 174)
accent scan: {"counts":{"gold":44,"blue":6,"other":0},"golds":["a.brand","a.s1-btn","strong","li","th","span.s2-dot","button.lab-btn","h3","span"]}
border radii in use: ["10px"]
hero svg fills: ["url(#s1hero-halo)","none","#ffb347","none","none","#ffb347","#ffb347"]
contrast ratios: {"text/bg":"15.56","text/panel":"14.18","muted/bg":"7.42","muted/panel":"6.76","gold/panel":"9.94","blue/panel":"9.78","good/panel":"10.81","bad/panel":"6.38"}
mobile s2shoot table: {"tableW":640,"display":"table","overflowX":"visible","parentOverflowX":"auto","parentClass":"s2-tablewrap","scrollW":640,"clientW":640}
mobile diagram svg: {"w":620,"h":196,"wrapOverflowX":"auto","viewBox":"0 0 760 240"}
desk diagram svg: {"w":1009,"h":319}